120.77.34.7 - - [24/Feb/2019:12:26:25 -0500] "GET /heart/ban-an-cafe-bar-t28n-1475375920 HTTP/1.1" 302 0 "http://banghevip.com/heart/ban-an-cafe-bar-t28n-1475375920" "Mozilla/4.0 (compatible; MSIE 9.0; Windows NT 6.1)"
54.36.150.28 - - [24/Feb/2019:12:26:26 -0500] "GET /buyByEmail/thiep-dai-td-45-1486959345 HTTP/1.1" 200 0 "-" "Mozilla/5.0 (compatible; AhrefsBot/6.1; +http://ahrefs.com/robot/)"
120.77.34.7 - - [24/Feb/2019:12:26:26 -0500] "GET /heart/ghe-quay-bar-25b-1475376009 HTTP/1.1" 302 0 "http://banghevip.com/heart/ghe-quay-bar-25b-1475376009" "Mozilla/4.0 (compatible; MSIE 9.0; Windows NT 6.1)"
14.230.248.248 - - [24/Feb/2019:12:26:29 -0500] "GET /articles/fullsize/article26052/4-con-giap-nao-len-ngoi-thinh-1535984376-b6FhZC.jpg HTTP/1.1" 302 909 "http://thantuong.tv/bai-viet/4-con-giap-nao-len-ngoi-thinh-vuong-5-thang-cuoi-nam-2018-26052" "Mozilla/5.0 (iPhone; CPU iPhone OS 11_3 like Mac OS X) AppleWebKit/605.1.15 (KHTML, like Gecko) Version/11.0 Mobile/15E148 Safari/604.1"
14.230.248.248 - - [24/Feb/2019:12:26:29 -0500] "GET /error HTTP/1.1" 301 234 "http://thantuong.tv/bai-viet/4-con-giap-nao-len-ngoi-thinh-vuong-5-thang-cuoi-nam-2018-26052" "Mozilla/5.0 (iPhone; CPU iPhone OS 11_3 like Mac OS X) AppleWebKit/605.1.15 (KHTML, like Gecko) Version/11.0 Mobile/15E148 Safari/604.1"
14.230.248.248 - - [24/Feb/2019:12:26:29 -0500] "GET / HTTP/1.1" 200 47886 "http://thantuong.tv/bai-viet/4-con-giap-nao-len-ngoi-thinh-vuong-5-thang-cuoi-nam-2018-26052" "Mozilla/5.0 (iPhone; CPU iPhone OS 11_3 like Mac OS X) AppleWebKit/605.1.15 (KHTML, like Gecko) Version/11.0 Mobile/15E148 Safari/604.1"
14.230.248.248 - - [24/Feb/2019:12:26:29 -0500] "GET /articles/fullsize/article26052/4-con-giap-nao-len-ngoi-thinh-1535984376-b6FhZC.jpg HTTP/1.1" 302 909 "http://thantuong.tv/bai-viet/4-con-giap-nao-len-ngoi-thinh-vuong-5-thang-cuoi-nam-2018-26052" "Mozilla/5.0 (iPhone; CPU iPhone OS 11_3 like Mac OS X) AppleWebKit/605.1.15 (KHTML, like Gecko) Version/11.0 Mobile/15E148 Safari/604.1"
14.230.248.248 - - [24/Feb/2019:12:26:29 -0500] "GET /error HTTP/1.1" 301 234 "http://thantuong.tv/bai-viet/4-con-giap-nao-len-ngoi-thinh-vuong-5-thang-cuoi-nam-2018-26052" "Mozilla/5.0 (iPhone; CPU iPhone OS 11_3 like Mac OS X) AppleWebKit/605.1.15 (KHTML, like Gecko) Version/11.0 Mobile/15E148 Safari/604.1"
14.230.248.248 - - [24/Feb/2019:12:26:30 -0500] "GET / HTTP/1.1" 200 47886 "http://thantuong.tv/bai-viet/4-con-giap-nao-len-ngoi-thinh-vuong-5-thang-cuoi-nam-2018-26052" "Mozilla/5.0 (iPhone; CPU iPhone OS 11_3 like Mac OS X) AppleWebKit/605.1.15 (KHTML, like Gecko) Version/11.0 Mobile/15E148 Safari/604.1"
120.77.34.7 - - [24/Feb/2019:12:26:34 -0500] "GET /ghe-quay-bar-25e HTTP/1.1" 200 268260 "http://banghevip.com/ghe-quay-bar-25e" "Mozilla/4.0 (compatible; MSIE 9.0; Windows NT 6.1)"
203.113.152.2 - - [24/Feb/2019:12:26:39 -0500] "GET /chinh-sach-bao-mat-685.html HTTP/1.1" 200 44881 "-" "Mozilla/5.0 (Windows NT 6.1; WOW64; rv:37.0) Gecko/20100101 Firefox/37.0"
120.77.34.7 - - [24/Feb/2019:12:26:44 -0500] "GET /heart/ghe-quay-bar-25e-1475376008 HTTP/1.1" 302 0 "http://banghevip.com/heart/ghe-quay-bar-25e-1475376008" "Mozilla/4.0 (compatible; MSIE 9.0; Windows NT 6.1)"
120.77.34.7 - - [24/Feb/2019:12:26:53 -0500] "GET /ghe-quay-bar-25f HTTP/1.1" 200 268010 "http://banghevip.com/ghe-quay-bar-25f" "Mozilla/4.0 (compatible; MSIE 9.0; Windows NT 6.1)"
120.77.34.7 - - [24/Feb/2019:12:27:02 -0500] "GET /heart/ghe-quay-bar-25f-1475376007 HTTP/1.1" 302 0 "http://banghevip.com/heart/ghe-quay-bar-25f-1475376007" "Mozilla/4.0 (compatible; MSIE 9.0; Windows NT 6.1)"
203.113.152.2 - - [24/Feb/2019:12:27:03 -0500] "GET /huong-dan-thanh-toan-34.html HTTP/1.1" 200 42856 "-" "Mozilla/5.0 (Windows NT 6.1; WOW64; rv:37.0) Gecko/20100101 Firefox/37.0"
203.113.152.2 - - [24/Feb/2019:12:27:03 -0500] "GET /manifest.json HTTP/1.1" 200 141 "-" "Mozilla/5.0 (Windows NT 6.1; WOW64; rv:37.0) Gecko/20100101 Firefox/37.0"
54.36.148.132 - - [24/Feb/2019:12:27:04 -0500] "GET /vi/tags/dam HTTP/1.1" 200 58533 "-" "Mozilla/5.0 (compatible; AhrefsBot/6.1; +http://ahrefs.com/robot/)"
23.101.169.3 - - [24/Feb/2019:12:27:12 -0500] "GET /cong-chua-anna HTTP/1.1" 200 76631 "-" "Mozilla/5.0 (compatible; MSIE 9.0; Windows NT 6.1; Trident/5.0;  Trident/5.0)"
116.109.224.162 - - [24/Feb/2019:12:27:13 -0500] "GET / HTTP/1.1" 200 84365 "https://www.google.com/" "Mozilla/5.0 (Windows NT 10.0; Win64; x64) AppleWebKit/537.36 (KHTML, like Gecko) Chrome/72.0.3626.109 Safari/537.36"
116.109.224.162 - - [24/Feb/2019:12:27:13 -0500] "GET /image/placeholder/no-photo-81x81.png HTTP/1.1" 200 5192 "http://gaubongdep.vn/" "Mozilla/5.0 (Windows NT 10.0; Win64; x64) AppleWebKit/537.36 (KHTML, like Gecko) Chrome/72.0.3626.109 Safari/537.36"
116.109.224.162 - - [24/Feb/2019:12:27:15 -0500] "GET / HTTP/1.1" 200 84381 "https://www.google.com/" "Mozilla/5.0 (Windows NT 10.0; Win64; x64) AppleWebKit/537.36 (KHTML, like Gecko) Chrome/72.0.3626.109 Safari/537.36"
116.109.224.162 - - [24/Feb/2019:12:27:15 -0500] "GET /image/placeholder/no-photo-81x81.png HTTP/1.1" 200 5192 "http://gaubongdep.vn/" "Mozilla/5.0 (Windows NT 10.0; Win64; x64) AppleWebKit/537.36 (KHTML, like Gecko) Chrome/72.0.3626.109 Safari/537.36"
54.36.150.116 - - [24/Feb/2019:12:27:23 -0500] "GET /2016/03/09/tong-hop-nhung-cach-cham-soc-ve-sinh-gau-bong-don-gian-ma-hieu-qua-nhat/ HTTP/1.1" 200 65760 "-" "Mozilla/5.0 (compatible; AhrefsBot/6.1; +http://ahrefs.com/robot/)"
120.77.34.7 - - [24/Feb/2019:12:27:36 -0500] "GET /ghe-quay-bar-904e HTTP/1.1" 200 233177 "http://banghevip.com/ghe-quay-bar-904e" "Mozilla/4.0 (compatible; MSIE 9.0; Windows NT 6.1)"
207.46.13.80 - - [24/Feb/2019:12:27:38 -0500] "GET /bap-benh-1604 HTTP/1.1" 200 57760 "-" "Mozilla/5.0 (compatible; bingbot/2.0; +http://www.bing.com/bingbot.htm)"
116.109.224.162 - - [24/Feb/2019:12:28:00 -0500] "GET / HTTP/1.1" 200 84350 "-" "Mozilla/5.0 (Windows NT 10.0; Win64; x64; rv:64.0) Gecko/20100101 Firefox/64.0"
116.109.224.162 - - [24/Feb/2019:12:28:02 -0500] "GET /image/placeholder/no-photo-81x81.png HTTP/1.1" 200 5192 "http://gaubongdep.vn/" "Mozilla/5.0 (Windows NT 10.0; Win64; x64; rv:64.0) Gecko/20100101 Firefox/64.0"
120.77.34.7 - - [24/Feb/2019:12:28:02 -0500] "GET /heart/ghe-quay-bar-904e-1475376006 HTTP/1.1" 302 0 "http://banghevip.com/heart/ghe-quay-bar-904e-1475376006" "Mozilla/4.0 (compatible; MSIE 9.0; Windows NT 6.1)"
120.77.34.7 - - [24/Feb/2019:12:28:12 -0500] "GET /ghe-quay-bar-904d HTTP/1.1" 200 268129 "http://banghevip.com/ghe-quay-bar-904d" "Mozilla/4.0 (compatible; MSIE 9.0; Windows NT 6.1)"
120.77.34.7 - - [24/Feb/2019:12:28:15 -0500] "GET /heart/ghe-quay-bar-904d-1475376005 HTTP/1.1" 302 0 "http://banghevip.com/heart/ghe-quay-bar-904d-1475376005" "Mozilla/4.0 (compatible; MSIE 9.0; Windows NT 6.1)"
120.77.34.7 - - [24/Feb/2019:12:28:15 -0500] "GET /category/ghe-an-cafe-3186 HTTP/1.1" 301 251 "http://banghevip.com/category/ghe-an-cafe-3186" "Mozilla/4.0 (compatible; MSIE 9.0; Windows NT 6.1)"
120.77.34.7 - - [24/Feb/2019:12:28:16 -0500] "GET /buyByEmail/ban-an-cafe-bar-t01n-1475375917 HTTP/1.1" 200 20596 "http://banghevip.com/buyByEmail/ban-an-cafe-bar-t01n-1475375917" "Mozilla/4.0 (compatible; MSIE 9.0; Windows NT 6.1)"
120.77.34.7 - - [24/Feb/2019:12:28:17 -0500] "GET /buyByEmail/ban-an-cafe-bar-t02-10-n-1475375919 HTTP/1.1" 200 20607 "http://banghevip.com/buyByEmail/ban-an-cafe-bar-t02-10-n-1475375919" "Mozilla/4.0 (compatible; MSIE 9.0; Windows NT 6.1)"
120.77.34.7 - - [24/Feb/2019:12:28:17 -0500] "GET /buyByEmail/ban-an-cafe-bar-t02-7n-1475375918 HTTP/1.1" 200 20602 "http://banghevip.com/buyByEmail/ban-an-cafe-bar-t02-7n-1475375918" "Mozilla/4.0 (compatible; MSIE 9.0; Windows NT 6.1)"
120.77.34.7 - - [24/Feb/2019:12:28:18 -0500] "GET /buyByEmail/ban-an-cafe-bar-t08n-1475375915 HTTP/1.1" 200 20595 "http://banghevip.com/buyByEmail/ban-an-cafe-bar-t08n-1475375915" "Mozilla/4.0 (compatible; MSIE 9.0; Windows NT 6.1)"
120.77.34.7 - - [24/Feb/2019:12:28:19 -0500] "GET /buyByEmail/ghe-an-cafe-68x-1475375903 HTTP/1.1" 200 20598 "http://banghevip.com/buyByEmail/ghe-an-cafe-68x-1475375903" "Mozilla/4.0 (compatible; MSIE 9.0; Windows NT 6.1)"
216.244.66.250 - - [24/Feb/2019:12:28:19 -0500] "GET /robots.txt HTTP/1.1" 200 63 "-" "Mozilla/5.0 (compatible; DotBot/1.1; http://www.opensiteexplorer.org/dotbot, help@moz.com)"
216.244.66.250 - - [24/Feb/2019:12:28:20 -0500] "GET /robots.txt HTTP/1.1" 200 63 "-" "Mozilla/5.0 (compatible; DotBot/1.1; http://www.opensiteexplorer.org/dotbot, help@moz.com)"
216.244.66.250 - - [24/Feb/2019:12:28:20 -0500] "GET /robots.txt HTTP/1.1" 200 63 "-" "Mozilla/5.0 (compatible; DotBot/1.1; http://www.opensiteexplorer.org/dotbot, help@moz.com)"
120.77.34.7 - - [24/Feb/2019:12:28:20 -0500] "GET /buyByEmail/ghe-an-cafe-68n-1475375902 HTTP/1.1" 200 20580 "http://banghevip.com/buyByEmail/ghe-an-cafe-68n-1475375902" "Mozilla/4.0 (compatible; MSIE 9.0; Windows NT 6.1)"
120.77.34.7 - - [24/Feb/2019:12:28:22 -0500] "GET /buyByEmail/ghe-an-cafe-503n-1475375901 HTTP/1.1" 200 20584 "http://banghevip.com/buyByEmail/ghe-an-cafe-503n-1475375901" "Mozilla/4.0 (compatible; MSIE 9.0; Windows NT 6.1)"
120.77.34.7 - - [24/Feb/2019:12:28:22 -0500] "GET /buyByEmail/ghe-an-cafe-88m-1475375900 HTTP/1.1" 200 20583 "http://banghevip.com/buyByEmail/ghe-an-cafe-88m-1475375900" "Mozilla/4.0 (compatible; MSIE 9.0; Windows NT 6.1)"
120.77.34.7 - - [24/Feb/2019:12:28:23 -0500] "GET /buyByEmail/ghe-an-cafe-204n-1475375899 HTTP/1.1" 200 20584 "http://banghevip.com/buyByEmail/ghe-an-cafe-204n-1475375899" "Mozilla/4.0 (compatible; MSIE 9.0; Windows NT 6.1)"
120.77.34.7 - - [24/Feb/2019:12:28:24 -0500] "GET /buyByEmail/ghe-tolix-802n-1475375911 HTTP/1.1" 200 20572 "http://banghevip.com/buyByEmail/ghe-tolix-802n-1475375911" "Mozilla/4.0 (compatible; MSIE 9.0; Windows NT 6.1)"
120.77.34.7 - - [24/Feb/2019:12:28:25 -0500] "GET /buyByEmail/ghe-tolix-801n-1475375910 HTTP/1.1" 200 20572 "http://banghevip.com/buyByEmail/ghe-tolix-801n-1475375910" "Mozilla/4.0 (compatible; MSIE 9.0; Windows NT 6.1)"
120.77.34.7 - - [24/Feb/2019:12:28:26 -0500] "GET /buyByEmail/ghe-tolix-766n-1475375909 HTTP/1.1" 200 20572 "http://banghevip.com/buyByEmail/ghe-tolix-766n-1475375909" "Mozilla/4.0 (compatible; MSIE 9.0; Windows NT 6.1)"
203.113.152.7 - - [24/Feb/2019:12:28:27 -0500] "GET /co-chu-8x-khoi-nghiep-thanh-cong-shop-online-voi-2-trieu-dong-1467930053.html HTTP/1.1" 200 44486 "-" "Mozilla/5.0 (Windows NT 6.1; WOW64; rv:37.0) Gecko/20100101 Firefox/37.0"
203.113.152.7 - - [24/Feb/2019:12:28:27 -0500] "GET /manifest.json HTTP/1.1" 200 141 "-" "Mozilla/5.0 (Windows NT 6.1; WOW64; rv:37.0) Gecko/20100101 Firefox/37.0"
120.77.34.7 - - [24/Feb/2019:12:28:28 -0500] "GET /buyByEmail/ghe-tolix-765e-1475375908 HTTP/1.1" 200 20575 "http://banghevip.com/buyByEmail/ghe-tolix-765e-1475375908" "Mozilla/4.0 (compatible; MSIE 9.0; Windows NT 6.1)"
120.77.34.7 - - [24/Feb/2019:12:28:29 -0500] "GET /buyByEmail/ghe-tolix-765n-1475375907 HTTP/1.1" 200 20572 "http://banghevip.com/buyByEmail/ghe-tolix-765n-1475375907" "Mozilla/4.0 (compatible; MSIE 9.0; Windows NT 6.1)"
120.77.34.7 - - [24/Feb/2019:12:28:30 -0500] "GET /buyByEmail/ban-an-cafe-bar-t6101n-1475375922 HTTP/1.1" 200 20603 "http://banghevip.com/buyByEmail/ban-an-cafe-bar-t6101n-1475375922" "Mozilla/4.0 (compatible; MSIE 9.0; Windows NT 6.1)"
120.77.34.7 - - [24/Feb/2019:12:28:31 -0500] "GET /buyByEmail/ban-an-cafe-bar-t18n-1475375921 HTTP/1.1" 200 20595 "http://banghevip.com/buyByEmail/ban-an-cafe-bar-t18n-1475375921" "Mozilla/4.0 (compatible; MSIE 9.0; Windows NT 6.1)"
120.77.34.7 - - [24/Feb/2019:12:28:32 -0500] "GET /buyByEmail/ban-an-cafe-bar-t28n-1475375920 HTTP/1.1" 200 20595 "http://banghevip.com/buyByEmail/ban-an-cafe-bar-t28n-1475375920" "Mozilla/4.0 (compatible; MSIE 9.0; Windows NT 6.1)"
120.77.34.7 - - [24/Feb/2019:12:28:32 -0500] "GET /buyByEmail/ghe-quay-bar-25b-1475376009 HTTP/1.1" 200 20586 "http://banghevip.com/buyByEmail/ghe-quay-bar-25b-1475376009" "Mozilla/4.0 (compatible; MSIE 9.0; Windows NT 6.1)"
120.77.34.7 - - [24/Feb/2019:12:28:33 -0500] "GET /buyByEmail/ghe-quay-bar-25e-1475376008 HTTP/1.1" 200 20586 "http://banghevip.com/buyByEmail/ghe-quay-bar-25e-1475376008" "Mozilla/4.0 (compatible; MSIE 9.0; Windows NT 6.1)"
120.77.34.7 - - [24/Feb/2019:12:28:34 -0500] "GET /buyByEmail/ghe-quay-bar-25f-1475376007 HTTP/1.1" 200 20583 "http://banghevip.com/buyByEmail/ghe-quay-bar-25f-1475376007" "Mozilla/4.0 (compatible; MSIE 9.0; Windows NT 6.1)"
120.77.34.7 - - [24/Feb/2019:12:28:35 -0500] "GET /buyByEmail/ghe-quay-bar-904e-1475376006 HTTP/1.1" 200 20587 "http://banghevip.com/buyByEmail/ghe-quay-bar-904e-1475376006" "Mozilla/4.0 (compatible; MSIE 9.0; Windows NT 6.1)"
120.77.34.7 - - [24/Feb/2019:12:28:36 -0500] "GET /buyByEmail/ghe-quay-bar-904d-1475376005 HTTP/1.1" 200 20602 "http://banghevip.com/buyByEmail/ghe-quay-bar-904d-1475376005" "Mozilla/4.0 (compatible; MSIE 9.0; Windows NT 6.1)"
120.77.34.7 - - [24/Feb/2019:12:28:37 -0500] "GET /buyByEmail/ghe-van-phong-8020-n-1475375994 HTTP/1.1" 200 20595 "http://banghevip.com/buyByEmail/ghe-van-phong-8020-n-1475375994" "Mozilla/4.0 (compatible; MSIE 9.0; Windows NT 6.1)"
120.77.34.7 - - [24/Feb/2019:12:28:39 -0500] "GET /buyByEmail/ghe-van-phong-8090-n-1475375993 HTTP/1.1" 200 20593 "http://banghevip.com/buyByEmail/ghe-van-phong-8090-n-1475375993" "Mozilla/4.0 (compatible; MSIE 9.0; Windows NT 6.1)"
120.77.34.7 - - [24/Feb/2019:12:28:39 -0500] "GET /buyByEmail/ghe-van-phong-8016n-1475375992 HTTP/1.1" 200 20592 "http://banghevip.com/buyByEmail/ghe-van-phong-8016n-1475375992" "Mozilla/4.0 (compatible; MSIE 9.0; Windows NT 6.1)"
120.77.34.7 - - [24/Feb/2019:12:28:40 -0500] "GET /buyByEmail/ghe-van-phong-8018n-1475375991 HTTP/1.1" 200 20592 "http://banghevip.com/buyByEmail/ghe-van-phong-8018n-1475375991" "Mozilla/4.0 (compatible; MSIE 9.0; Windows NT 6.1)"
120.77.34.7 - - [24/Feb/2019:12:28:41 -0500] "GET /buyByEmail/ghe-van-phong-398n-1475375990 HTTP/1.1" 200 20588 "http://banghevip.com/buyByEmail/ghe-van-phong-398n-1475375990" "Mozilla/4.0 (compatible; MSIE 9.0; Windows NT 6.1)"
120.77.34.7 - - [24/Feb/2019:12:28:43 -0500] "GET /buyByEmail/sofa-1568a-1475376001 HTTP/1.1" 200 20560 "http://banghevip.com/buyByEmail/sofa-1568a-1475376001" "Mozilla/4.0 (compatible; MSIE 9.0; Windows NT 6.1)"
120.77.34.7 - - [24/Feb/2019:12:28:44 -0500] "GET /buyByEmail/sofa-9121n-1475376000 HTTP/1.1" 200 20557 "http://banghevip.com/buyByEmail/sofa-9121n-1475376000" "Mozilla/4.0 (compatible; MSIE 9.0; Windows NT 6.1)"
203.113.152.6 - - [24/Feb/2019:12:28:45 -0500] "GET /theme HTTP/1.1" 200 44208 "-" "Mozilla/5.0 (Windows NT 6.1; WOW64; rv:37.0) Gecko/20100101 Firefox/37.0"
120.77.34.7 - - [24/Feb/2019:12:28:45 -0500] "GET /buyByEmail/sofa-1568n-1475375999 HTTP/1.1" 200 20557 "http://banghevip.com/buyByEmail/sofa-1568n-1475375999" "Mozilla/4.0 (compatible; MSIE 9.0; Windows NT 6.1)"
66.220.149.40 - - [24/Feb/2019:12:28:46 -0500] "GET /articles/fullsize/article25844/tham-tu-lung-danh-conan-ke-hanh-1533922028-245xMn.jpg HTTP/1.1" 302 909 "-" "facebookexternalhit/1.1 (+http://www.facebook.com/externalhit_uatext.php)"
66.220.149.17 - - [24/Feb/2019:12:28:47 -0500] "GET /error HTTP/1.1" 301 234 "-" "facebookexternalhit/1.1 (+http://www.facebook.com/externalhit_uatext.php)"
120.77.34.7 - - [24/Feb/2019:12:28:47 -0500] "GET /buyByEmail/ghe-bang-cho-02b-1475375998 HTTP/1.1" 200 20588 "http://banghevip.com/buyByEmail/ghe-bang-cho-02b-1475375998" "Mozilla/4.0 (compatible; MSIE 9.0; Windows NT 6.1)"
66.220.149.24 - - [24/Feb/2019:12:28:47 -0500] "GET / HTTP/1.1" 200 47888 "-" "facebookexternalhit/1.1 (+http://www.facebook.com/externalhit_uatext.php)"
120.77.34.7 - - [24/Feb/2019:12:28:48 -0500] "GET /buyByEmail/ghe-bang-cho-02a-1475375997 HTTP/1.1" 200 20588 "http://banghevip.com/buyByEmail/ghe-bang-cho-02a-1475375997" "Mozilla/4.0 (compatible; MSIE 9.0; Windows NT 6.1)"
203.113.152.5 - - [24/Feb/2019:12:28:52 -0500] "GET /co-chu-8x-khoi-nghiep-thanh-cong-shop-online-voi-2-trieu-dong-1467930053.html HTTP/1.1" 200 44486 "-" "Mozilla/5.0 (Windows NT 6.1; WOW64; rv:37.0) Gecko/20100101 Firefox/37.0"
203.113.152.5 - - [24/Feb/2019:12:28:52 -0500] "GET /y-tuong-khoi-nghiep-kinh-doanh-it-von-loi-nhuan-cao-2016-1467930050.html HTTP/1.1" 200 48083 "-" "Mozilla/5.0 (Windows NT 6.1; WOW64; rv:37.0) Gecko/20100101 Firefox/37.0"
54.36.148.88 - - [24/Feb/2019:12:28:58 -0500] "GET /tc14/0/%20du%20l%E1%BB%8Bch%20H%E1%BB%99i%20an/tags HTTP/1.1" 302 909 "-" "Mozilla/5.0 (compatible; AhrefsBot/6.1; +http://ahrefs.com/robot/)"
203.113.152.2 - - [24/Feb/2019:12:29:01 -0500] "GET /manifest.json HTTP/1.1" 200 141 "-" "Mozilla/5.0 (Windows NT 6.1; WOW64; rv:37.0) Gecko/20100101 Firefox/37.0"
120.77.34.7 - - [24/Feb/2019:12:29:32 -0500] "GET /sign-in HTTP/1.1" 200 245032 "http://banghevip.com/sign-in" "Mozilla/4.0 (compatible; MSIE 9.0; Windows NT 6.1)"
46.229.168.131 - - [24/Feb/2019:12:29:36 -0500] "GET /lien-hoan-3803 HTTP/1.1" 200 56589 "-" "Mozilla/5.0 (compatible; SemrushBot/3~bl; +http://www.semrush.com/bot.html)"
203.113.152.4 - - [24/Feb/2019:12:29:39 -0500] "GET /co-chu-8x-khoi-nghiep-thanh-cong-shop-online-voi-2-trieu-dong-1467930053.html HTTP/1.1" 200 44486 "-" "Mozilla/5.0 (Windows NT 6.1; WOW64; rv:37.0) Gecko/20100101 Firefox/37.0"
120.77.34.7 - - [24/Feb/2019:12:29:41 -0500] "GET /bai-viet HTTP/1.1" 200 245629 "http://banghevip.com/bai-viet" "Mozilla/4.0 (compatible; MSIE 9.0; Windows NT 6.1)"
203.113.152.8 - - [24/Feb/2019:12:29:46 -0500] "GET /articles HTTP/1.1" 200 46674 "-" "Mozilla/5.0 (Windows NT 6.1; WOW64; rv:37.0) Gecko/20100101 Firefox/37.0"
120.77.34.7 - - [24/Feb/2019:12:29:47 -0500] "GET /quickview/ban-an-cafe-bar-t01n-1475375917 HTTP/1.1" 200 6748 "http://banghevip.com/quickview/ban-an-cafe-bar-t01n-1475375917" "Mozilla/4.0 (compatible; MSIE 9.0; Windows NT 6.1)"
120.77.34.7 - - [24/Feb/2019:12:29:48 -0500] "GET /quickview/ban-an-cafe-bar-t02-10-n-1475375919 HTTP/1.1" 200 7020 "http://banghevip.com/quickview/ban-an-cafe-bar-t02-10-n-1475375919" "Mozilla/4.0 (compatible; MSIE 9.0; Windows NT 6.1)"
120.77.34.7 - - [24/Feb/2019:12:29:49 -0500] "GET /quickview/ban-an-cafe-bar-t02-7n-1475375918 HTTP/1.1" 200 6747 "http://banghevip.com/quickview/ban-an-cafe-bar-t02-7n-1475375918" "Mozilla/4.0 (compatible; MSIE 9.0; Windows NT 6.1)"
120.77.34.7 - - [24/Feb/2019:12:29:50 -0500] "GET /quickview/ghe-van-phong-8020-n-1475375994 HTTP/1.1" 200 6499 "http://banghevip.com/quickview/ghe-van-phong-8020-n-1475375994" "Mozilla/4.0 (compatible; MSIE 9.0; Windows NT 6.1)"
120.77.34.7 - - [24/Feb/2019:12:29:50 -0500] "GET /quickview/ban-an-cafe-bar-t08n-1475375915 HTTP/1.1" 200 5212 "http://banghevip.com/quickview/ban-an-cafe-bar-t08n-1475375915" "Mozilla/4.0 (compatible; MSIE 9.0; Windows NT 6.1)"
120.77.34.7 - - [24/Feb/2019:12:29:52 -0500] "GET /quickview/ghe-an-cafe-68x-1475375903 HTTP/1.1" 200 5401 "http://banghevip.com/quickview/ghe-an-cafe-68x-1475375903" "Mozilla/4.0 (compatible; MSIE 9.0; Windows NT 6.1)"
120.77.34.7 - - [24/Feb/2019:12:29:52 -0500] "GET /quickview/ghe-an-cafe-68n-1475375902 HTTP/1.1" 200 5245 "http://banghevip.com/quickview/ghe-an-cafe-68n-1475375902" "Mozilla/4.0 (compatible; MSIE 9.0; Windows NT 6.1)"
120.77.34.7 - - [24/Feb/2019:12:29:53 -0500] "GET /quickview/ghe-an-cafe-503n-1475375901 HTTP/1.1" 200 5061 "http://banghevip.com/quickview/ghe-an-cafe-503n-1475375901" "Mozilla/4.0 (compatible; MSIE 9.0; Windows NT 6.1)"
120.77.34.7 - - [24/Feb/2019:12:29:53 -0500] "GET /quickview/ghe-an-cafe-88m-1475375900 HTTP/1.1" 200 5296 "http://banghevip.com/quickview/ghe-an-cafe-88m-1475375900" "Mozilla/4.0 (compatible; MSIE 9.0; Windows NT 6.1)"
120.77.34.7 - - [24/Feb/2019:12:29:54 -0500] "GET /quickview/ghe-an-cafe-204n-1475375899 HTTP/1.1" 200 5075 "http://banghevip.com/quickview/ghe-an-cafe-204n-1475375899" "Mozilla/4.0 (compatible; MSIE 9.0; Windows NT 6.1)"
120.77.34.7 - - [24/Feb/2019:12:29:55 -0500] "GET /quickview/ghe-tolix-802n-1475375911 HTTP/1.1" 200 5065 "http://banghevip.com/quickview/ghe-tolix-802n-1475375911" "Mozilla/4.0 (compatible; MSIE 9.0; Windows NT 6.1)"
120.77.34.7 - - [24/Feb/2019:12:29:55 -0500] "GET /quickview/ghe-tolix-801n-1475375910 HTTP/1.1" 200 5269 "http://banghevip.com/quickview/ghe-tolix-801n-1475375910" "Mozilla/4.0 (compatible; MSIE 9.0; Windows NT 6.1)"
120.77.34.7 - - [24/Feb/2019:12:29:56 -0500] "GET /quickview/ghe-tolix-766n-1475375909 HTTP/1.1" 200 4884 "http://banghevip.com/quickview/ghe-tolix-766n-1475375909" "Mozilla/4.0 (compatible; MSIE 9.0; Windows NT 6.1)"
120.77.34.7 - - [24/Feb/2019:12:29:57 -0500] "GET /quickview/ghe-tolix-765e-1475375908 HTTP/1.1" 200 4892 "http://banghevip.com/quickview/ghe-tolix-765e-1475375908" "Mozilla/4.0 (compatible; MSIE 9.0; Windows NT 6.1)"
120.77.34.7 - - [24/Feb/2019:12:29:58 -0500] "GET /quickview/ghe-tolix-765n-1475375907 HTTP/1.1" 200 4884 "http://banghevip.com/quickview/ghe-tolix-765n-1475375907" "Mozilla/4.0 (compatible; MSIE 9.0; Windows NT 6.1)"
120.77.34.7 - - [24/Feb/2019:12:29:59 -0500] "GET /quickview/ban-an-cafe-bar-t6101n-1475375922 HTTP/1.1" 200 5340 "http://banghevip.com/quickview/ban-an-cafe-bar-t6101n-1475375922" "Mozilla/4.0 (compatible; MSIE 9.0; Windows NT 6.1)"
120.77.34.7 - - [24/Feb/2019:12:29:59 -0500] "GET /quickview/ban-an-cafe-bar-t18n-1475375921 HTTP/1.1" 200 5609 "http://banghevip.com/quickview/ban-an-cafe-bar-t18n-1475375921" "Mozilla/4.0 (compatible; MSIE 9.0; Windows NT 6.1)"
120.77.34.7 - - [24/Feb/2019:12:30:00 -0500] "GET /quickview/ban-an-cafe-bar-t28n-1475375920 HTTP/1.1" 200 5465 "http://banghevip.com/quickview/ban-an-cafe-bar-t28n-1475375920" "Mozilla/4.0 (compatible; MSIE 9.0; Windows NT 6.1)"
120.77.34.7 - - [24/Feb/2019:12:30:01 -0500] "GET /quickview/ghe-quay-bar-25b-1475376009 HTTP/1.1" 200 4849 "http://banghevip.com/quickview/ghe-quay-bar-25b-1475376009" "Mozilla/4.0 (compatible; MSIE 9.0; Windows NT 6.1)"
120.77.34.7 - - [24/Feb/2019:12:30:01 -0500] "GET /quickview/ghe-quay-bar-25e-1475376008 HTTP/1.1" 200 4811 "http://banghevip.com/quickview/ghe-quay-bar-25e-1475376008" "Mozilla/4.0 (compatible; MSIE 9.0; Windows NT 6.1)"
120.77.34.7 - - [24/Feb/2019:12:30:02 -0500] "GET /quickview/ghe-quay-bar-25f-1475376007 HTTP/1.1" 200 4714 "http://banghevip.com/quickview/ghe-quay-bar-25f-1475376007" "Mozilla/4.0 (compatible; MSIE 9.0; Windows NT 6.1)"
120.77.34.7 - - [24/Feb/2019:12:30:03 -0500] "GET /quickview/ghe-quay-bar-904e-1475376006 HTTP/1.1" 200 4723 "http://banghevip.com/quickview/ghe-quay-bar-904e-1475376006" "Mozilla/4.0 (compatible; MSIE 9.0; Windows NT 6.1)"
120.77.34.7 - - [24/Feb/2019:12:30:03 -0500] "GET /quickview/ghe-quay-bar-904d-1475376005 HTTP/1.1" 200 4753 "http://banghevip.com/quickview/ghe-quay-bar-904d-1475376005" "Mozilla/4.0 (compatible; MSIE 9.0; Windows NT 6.1)"
120.77.34.7 - - [24/Feb/2019:12:30:04 -0500] "GET /quickview/ghe-van-phong-8090-n-1475375993 HTTP/1.1" 200 5304 "http://banghevip.com/quickview/ghe-van-phong-8090-n-1475375993" "Mozilla/4.0 (compatible; MSIE 9.0; Windows NT 6.1)"
203.113.152.6 - - [24/Feb/2019:12:30:04 -0500] "GET /huong-dan-thanh-toan-34.html HTTP/1.1" 200 42856 "-" "Mozilla/5.0 (Windows NT 6.1; WOW64; rv:37.0) Gecko/20100101 Firefox/37.0"
120.77.34.7 - - [24/Feb/2019:12:30:04 -0500] "GET /quickview/ghe-van-phong-8016n-1475375992 HTTP/1.1" 200 5415 "http://banghevip.com/quickview/ghe-van-phong-8016n-1475375992" "Mozilla/4.0 (compatible; MSIE 9.0; Windows NT 6.1)"
120.77.34.7 - - [24/Feb/2019:12:30:05 -0500] "GET /quickview/ghe-van-phong-8018n-1475375991 HTTP/1.1" 200 5366 "http://banghevip.com/quickview/ghe-van-phong-8018n-1475375991" "Mozilla/4.0 (compatible; MSIE 9.0; Windows NT 6.1)"
120.77.34.7 - - [24/Feb/2019:12:30:06 -0500] "GET /quickview/ghe-van-phong-398n-1475375990 HTTP/1.1" 200 5388 "http://banghevip.com/quickview/ghe-van-phong-398n-1475375990" "Mozilla/4.0 (compatible; MSIE 9.0; Windows NT 6.1)"
120.77.34.7 - - [24/Feb/2019:12:30:07 -0500] "GET /quickview/sofa-1568a-1475376001 HTTP/1.1" 200 5472 "http://banghevip.com/quickview/sofa-1568a-1475376001" "Mozilla/4.0 (compatible; MSIE 9.0; Windows NT 6.1)"
194.93.59.17 - - [24/Feb/2019:12:30:08 -0500] "GET /wp-login.php HTTP/1.1" 302 909 "-" "Mozilla/5.0 (Windows NT 10.0; Win64; x64; rv:48.0) Gecko/20100101 Firefox/48.0"
194.93.59.17 - - [24/Feb/2019:12:30:08 -0500] "GET /wp-login.php HTTP/1.1" 302 909 "-" "Mozilla/5.0 (Windows NT 10.0; Win64; x64; rv:48.0) Gecko/20100101 Firefox/48.0"
194.93.59.17 - - [24/Feb/2019:12:30:08 -0500] "POST /wp-login.php HTTP/1.1" 302 909 "demo-minhphuc.beegrowth.com/wp-login.php" "Mozilla/5.0 (Windows NT 10.0; Win64; x64; rv:48.0) Gecko/20100101 Firefox/48.0"
120.77.34.7 - - [24/Feb/2019:12:30:09 -0500] "GET /quickview/sofa-1568n-1475375999 HTTP/1.1" 200 5282 "http://banghevip.com/quickview/sofa-1568n-1475375999" "Mozilla/4.0 (compatible; MSIE 9.0; Windows NT 6.1)"
120.77.34.7 - - [24/Feb/2019:12:30:10 -0500] "GET /quickview/ghe-bang-cho-02b-1475375998 HTTP/1.1" 200 5424 "http://banghevip.com/quickview/ghe-bang-cho-02b-1475375998" "Mozilla/4.0 (compatible; MSIE 9.0; Windows NT 6.1)"
120.77.34.7 - - [24/Feb/2019:12:30:10 -0500] "GET /quickview/ghe-bang-cho-02a-1475375997 HTTP/1.1" 200 5306 "http://banghevip.com/quickview/ghe-bang-cho-02a-1475375997" "Mozilla/4.0 (compatible; MSIE 9.0; Windows NT 6.1)"
120.77.34.7 - - [24/Feb/2019:12:30:17 -0500] "GET /contact HTTP/1.1" 200 246438 "http://banghevip.com/contact" "Mozilla/4.0 (compatible; MSIE 9.0; Windows NT 6.1)"
120.77.34.7 - - [24/Feb/2019:12:30:20 -0500] "GET /category/ghe-quay-bar-3189 HTTP/1.1" 301 252 "http://banghevip.com/category/ghe-quay-bar-3189" "Mozilla/4.0 (compatible; MSIE 9.0; Windows NT 6.1)"
120.77.34.7 - - [24/Feb/2019:12:30:21 -0500] "GET /quickview/ban-an-cafe-bar-t04n-1475375916 HTTP/1.1" 200 0 "http://banghevip.com/quickview/ban-an-cafe-bar-t04n-1475375916" "Mozilla/4.0 (compatible; MSIE 9.0; Windows NT 6.1)"
203.113.152.7 - - [24/Feb/2019:12:30:22 -0500] "GET /theme HTTP/1.1" 200 44208 "-" "Mozilla/5.0 (Windows NT 6.1; WOW64; rv:37.0) Gecko/20100101 Firefox/37.0"
120.77.34.7 - - [24/Feb/2019:12:30:22 -0500] "GET /buyByEmail/ban-an-cafe-bar-t04n-1475375916 HTTP/1.1" 200 0 "http://banghevip.com/buyByEmail/ban-an-cafe-bar-t04n-1475375916" "Mozilla/4.0 (compatible; MSIE 9.0; Windows NT 6.1)"
103.131.71.19 - - [24/Feb/2019:12:30:30 -0500] "GET /thumb.php?src=http://photo.thantuong.tv/articles/fullsize/article24268/dam-vinh-hung-nhan-duoc-huy-chuong-1510849281-THNkKs.jpg&w=152&h=104 HTTP/1.1" 400 520 "-" "Mozilla/5.0 (compatible; coccocbot-image/1.0; +http://help.coccoc.com/searchengine)"
120.77.34.7 - - [24/Feb/2019:12:30:31 -0500] "GET /ghe-tolix-801n HTTP/1.1" 200 269813 "http://banghevip.com/ghe-tolix-801n" "Mozilla/4.0 (compatible; MSIE 9.0; Windows NT 6.1)"
203.113.152.6 - - [24/Feb/2019:12:30:32 -0500] "GET /manifest.json HTTP/1.1" 200 141 "-" "Mozilla/5.0 (Windows NT 6.1; WOW64; rv:37.0) Gecko/20100101 Firefox/37.0"
120.77.34.7 - - [24/Feb/2019:12:30:34 -0500] "GET /ghe-quay-bar-25b HTTP/1.1" 200 268415 "http://banghevip.com/ghe-quay-bar-25b" "Mozilla/4.0 (compatible; MSIE 9.0; Windows NT 6.1)"
46.229.168.134 - - [24/Feb/2019:12:30:36 -0500] "GET /robots.txt HTTP/1.1" 200 63 "-" "Mozilla/5.0 (compatible; SemrushBot/3~bl; +http://www.semrush.com/bot.html)"
46.229.168.144 - - [24/Feb/2019:12:30:37 -0500] "GET /chuyen-muc/ky-nang-song-110 HTTP/1.1" 404 1502 "-" "Mozilla/5.0 (compatible; SemrushBot/3~bl; +http://www.semrush.com/bot.html)"
40.77.167.134 - - [24/Feb/2019:12:30:37 -0500] "GET /ao-hoang-tu-cho-be-trai HTTP/1.1" 200 79010 "-" "Mozilla/5.0 (compatible; bingbot/2.0; +http://www.bing.com/bingbot.htm)"
120.77.34.7 - - [24/Feb/2019:12:30:39 -0500] "GET /heart/sofa-9121n-1475376000 HTTP/1.1" 302 0 "http://banghevip.com/heart/sofa-9121n-1475376000" "Mozilla/4.0 (compatible; MSIE 9.0; Windows NT 6.1)"
120.77.34.7 - - [24/Feb/2019:12:30:40 -0500] "GET /quickview/sofa-9121n-1475376000 HTTP/1.1" 200 5302 "http://banghevip.com/quickview/sofa-9121n-1475376000" "Mozilla/4.0 (compatible; MSIE 9.0; Windows NT 6.1)"
23.101.169.3 - - [24/Feb/2019:12:30:42 -0500] "GET /dam-phu-thuy-hoa-trang-halloween HTTP/1.1" 200 72703 "-" "Mozilla/5.0 (compatible; MSIE 9.0; Windows NT 6.0; Trident/5.0;  Trident/5.0)"
203.113.152.5 - - [24/Feb/2019:12:30:43 -0500] "GET /huong-dan-thanh-toan-34.html HTTP/1.1" 200 42856 "-" "Mozilla/5.0 (Windows NT 6.1; WOW64; rv:37.0) Gecko/20100101 Firefox/37.0"
66.249.70.6 - - [24/Feb/2019:12:30:49 -0500] "GET /custom/domain_1/banners/banner-1546647765.jpg HTTP/1.1" 200 14 "-" "Googlebot-Image/1.0"
203.113.152.3 - - [24/Feb/2019:12:30:56 -0500] "GET /articles HTTP/1.1" 200 46674 "-" "Mozilla/5.0 (Windows NT 6.1; WOW64; rv:37.0) Gecko/20100101 Firefox/37.0"
54.36.148.80 - - [24/Feb/2019:12:31:07 -0500] "GET /vi/quickview/gau-teddy-nau-no-cham-bi-hong-cao-cap27n-1474692799 HTTP/1.1" 200 1070 "-" "Mozilla/5.0 (compatible; AhrefsBot/6.1; +http://ahrefs.com/robot/)"
66.249.66.68 - - [24/Feb/2019:12:31:13 -0500] "GET /category HTTP/1.1" 200 50619 "-" "Mozilla/5.0 (Linux; Android 6.0.1; Nexus 5X Build/MMB29P) AppleWebKit/537.36 (KHTML, like Gecko) Chrome/41.0.2272.96 Mobile Safari/537.36 (compatible; Googlebot/2.1; +http://www.google.com/bot.html)"
54.36.149.61 - - [24/Feb/2019:12:31:17 -0500] "GET /heart/vay-hoang-hau-1475374329 HTTP/1.1" 302 0 "-" "Mozilla/5.0 (compatible; AhrefsBot/6.1; +http://ahrefs.com/robot/)"
203.113.152.5 - - [24/Feb/2019:12:31:30 -0500] "GET /dieu-khoan-dich-vu-32.html HTTP/1.1" 200 44943 "-" "Mozilla/5.0 (Windows NT 6.1; WOW64; rv:37.0) Gecko/20100101 Firefox/37.0"
203.113.152.6 - - [24/Feb/2019:12:31:33 -0500] "GET /articles HTTP/1.1" 200 46674 "-" "Mozilla/5.0 (Windows NT 6.1; WOW64; rv:37.0) Gecko/20100101 Firefox/37.0"
203.113.152.6 - - [24/Feb/2019:12:31:34 -0500] "GET /huong-dan-thanh-toan-34.html HTTP/1.1" 200 42856 "-" "Mozilla/5.0 (Windows NT 6.1; WOW64; rv:37.0) Gecko/20100101 Firefox/37.0"
203.113.152.6 - - [24/Feb/2019:12:31:34 -0500] "GET /theme HTTP/1.1" 200 44208 "-" "Mozilla/5.0 (Windows NT 6.1; WOW64; rv:37.0) Gecko/20100101 Firefox/37.0"
103.131.71.66 - - [24/Feb/2019:12:31:44 -0500] "GET /robots.txt HTTP/1.1" 200 63 "-" "Mozilla/5.0 (compatible; coccocbot-web/1.0; +http://help.coccoc.com/searchengine)"
203.113.152.3 - - [24/Feb/2019:12:31:48 -0500] "GET /bai-viet/nhung-dieu-giup-ban-duy-tri-dong-luc-moi-ngay-27100 HTTP/1.1" 301 244 "-" "Mozilla/5.0 (Windows NT 6.1; WOW64; rv:37.0) Gecko/20100101 Firefox/37.0"
69.171.251.26 - - [24/Feb/2019:12:31:49 -0500] "GET /articles/fullsize/article26346/ngoc-trinh-khoe-eo-thon-cung-tra-1539747034-aZhKNV.jpg HTTP/1.1" 302 909 "-" "facebookexternalhit/1.1 (+http://www.facebook.com/externalhit_uatext.php)"
173.252.95.24 - - [24/Feb/2019:12:31:49 -0500] "GET /articles/fullsize/article26313/tra-ngoc-hang--ngoc-trinh-cung-1539575329-2ckwky.jpg HTTP/1.1" 302 909 "-" "facebookexternalhit/1.1 (+http://www.facebook.com/externalhit_uatext.php)"
69.171.251.26 - - [24/Feb/2019:12:31:49 -0500] "GET /error HTTP/1.1" 301 234 "-" "facebookexternalhit/1.1 (+http://www.facebook.com/externalhit_uatext.php)"
173.252.95.29 - - [24/Feb/2019:12:31:49 -0500] "GET /error HTTP/1.1" 301 234 "-" "facebookexternalhit/1.1 (+http://www.facebook.com/externalhit_uatext.php)"
69.171.251.1 - - [24/Feb/2019:12:31:50 -0500] "GET / HTTP/1.1" 200 47888 "-" "facebookexternalhit/1.1 (+http://www.facebook.com/externalhit_uatext.php)"
173.252.95.29 - - [24/Feb/2019:12:31:50 -0500] "GET / HTTP/1.1" 200 47888 "-" "facebookexternalhit/1.1 (+http://www.facebook.com/externalhit_uatext.php)"
103.131.71.65 - - [24/Feb/2019:12:31:52 -0500] "GET /vi/gau-brown-va-tho-cony-size-vua-1486960287 HTTP/1.1" 302 0 "-" "Mozilla/5.0 (compatible; coccocbot-web/1.0; +http://help.coccoc.com/searchengine)"
103.131.71.65 - - [24/Feb/2019:12:32:00 -0500] "GET /vi/ HTTP/1.1" 200 84388 "-" "Mozilla/5.0 (compatible; coccocbot-web/1.0; +http://help.coccoc.com/searchengine)"
203.113.152.6 - - [24/Feb/2019:12:32:17 -0500] "GET /manifest.json HTTP/1.1" 200 141 "-" "Mozilla/5.0 (Windows NT 6.1; WOW64; rv:37.0) Gecko/20100101 Firefox/37.0"
203.113.152.5 - - [24/Feb/2019:12:32:27 -0500] "GET /contact HTTP/1.1" 200 42375 "-" "Mozilla/5.0 (Windows NT 6.1; WOW64; rv:37.0) Gecko/20100101 Firefox/37.0"
203.113.152.6 - - [24/Feb/2019:12:32:34 -0500] "GET /articles HTTP/1.1" 200 46674 "-" "Mozilla/5.0 (Windows NT 6.1; WOW64; rv:37.0) Gecko/20100101 Firefox/37.0"
203.113.152.6 - - [24/Feb/2019:12:32:34 -0500] "GET /theme HTTP/1.1" 200 44208 "-" "Mozilla/5.0 (Windows NT 6.1; WOW64; rv:37.0) Gecko/20100101 Firefox/37.0"
66.249.70.6 - - [24/Feb/2019:12:32:48 -0500] "GET /custom/domain_1/banners/banner-1526030513.png HTTP/1.1" 200 14 "-" "Googlebot-Image/1.0"
54.36.148.247 - - [24/Feb/2019:12:32:50 -0500] "GET /vi/tags/gau-teddy-om-tim HTTP/1.1" 200 62959 "-" "Mozilla/5.0 (compatible; AhrefsBot/6.1; +http://ahrefs.com/robot/)"
203.113.152.5 - - [24/Feb/2019:12:33:05 -0500] "GET /articles HTTP/1.1" 200 46674 "-" "Mozilla/5.0 (Windows NT 6.1; WOW64; rv:37.0) Gecko/20100101 Firefox/37.0"
203.113.152.3 - - [24/Feb/2019:12:33:19 -0500] "GET /manifest.json HTTP/1.1" 200 141 "-" "Mozilla/5.0 (Windows NT 6.1; WOW64; rv:37.0) Gecko/20100101 Firefox/37.0"
54.36.149.53 - - [24/Feb/2019:12:33:35 -0500] "GET /nha-banh-nb-1304 HTTP/1.1" 200 56330 "-" "Mozilla/5.0 (compatible; AhrefsBot/6.1; +http://ahrefs.com/robot/)"
203.113.152.3 - - [24/Feb/2019:12:33:35 -0500] "GET / HTTP/1.1" 200 47886 "-" "Mozilla/5.0 (Windows NT 6.1; WOW64; rv:37.0) Gecko/20100101 Firefox/37.0"
203.113.152.7 - - [24/Feb/2019:12:33:54 -0500] "GET /articles HTTP/1.1" 200 46674 "-" "Mozilla/5.0 (Windows NT 6.1; WOW64; rv:37.0) Gecko/20100101 Firefox/37.0"
103.131.71.34 - - [24/Feb/2019:12:33:57 -0500] "GET /thumb.php?src=http://photo.thantuong.tv/articles/fullsize/article24268/dam-vinh-hung-nhan-duoc-huy-chuong-1510849281-e5mkeA.jpg&w=152&h=104 HTTP/1.1" 400 520 "-" "Mozilla/5.0 (compatible; coccocbot-image/1.0; +http://help.coccoc.com/searchengine)"
203.113.152.3 - - [24/Feb/2019:12:34:00 -0500] "GET /theme HTTP/1.1" 200 44208 "-" "Mozilla/5.0 (Windows NT 6.1; WOW64; rv:37.0) Gecko/20100101 Firefox/37.0"
